<html>
<body>
<pre>
<h1>µVision Build Log</h1>
<h2>Project:</h2>
D:\Keil\TExaSware\edx-lab7\lab7_heartBlock.uvproj
Project File Date:  01/26/2019

<h2>Output:</h2>
Rebuild target 'Lab7_heartBlock'
assembling startup.s...
compiling main.c...
linking...
Program Size: Code=1248 RO-data=16 RW-data=0 ZI-data=1120  
".\lab7_HeartBlock.axf" - 0 Error(s), 0 Warning(s).
Load "D:\\Keil\\TExaSware\\edx-lab7\\lab7_HeartBlock.axf" 
Connecting: Mode=JTAG, Speed=1000000Hz
Erase Done.
Programming Done.
Verify OK.
